
> ortho_clinic@0.1.0 build
> next build

Γû▓ Next.js 16.1.6 (Turbopack)
- Environments: .env.local

  Creating an optimized production build ...
Γ£ô Compiled successfully in 3.7s
  Running TypeScript ...
node.exe : Failed to 
compile.
At line:1 char:1
+ & "C:\Program Files
\nodejs/node.exe" 
"C:\Program 
Files\nodejs/node_mo 
...
+ ~~~~~~~~~~~~~~~~~~~
~~~~~~~~~~~~~~~~~~~~~
~~~~~~~~~~~~~~~~~~~~~
~~~~~~~~
    + CategoryInfo   
           : NotSpe  
  cified: (Failed    
 to compile.:Stri    
ng) [], RemoteEx    
ception
    + FullyQualified 
   ErrorId : Native  
  CommandError
 

./src/app/(authentica
ted)/doctor/dashboard
/page.tsx:101:21
Type error: JSX 
elements cannot have 
multiple attributes 
with the same name.

[0m [90m  99 
|[39m               
      [90m// Let's 
query it.[39m
 [90m 100 |[39m    
                 
[90m// Actually, 
I'll just change 
label to "Total 
Appointments" and 
use total length for 
now.[39m
[31m[1m>[22m[39m
[90m 101 |[39m      
               value
[33m=[39m{appointmen
ts[33m.[39mlength[
33m.[39mtoString()}
 [90m     |[39m    
                 
[31m[1m^[22m[39m
 [90m 102 |[39m    
                 icon
[33m=[39m{[33mFile
Text[39m}
 [90m 103 |[39m    
                 colo
r[33m=[39m[32m"tex
t-amber-500"[39m
 [90m 104 |[39m    
                 bg[
33m=[39m[32m"bg-amb
er-50"[39m[0m
Next.js build worker 
exited with code: 1 
and signal: null
